// Jest Snapshot v1, https://goo.gl/fbAQLP

exports[`tests typescript grid should match the snapshot 1`] = `undefined`;
